graph: { title: "kernel/exceptions/kernel_exceptions.cpp"
node: { title: "kernel/exceptions/kernel_exceptions.cpp:_ZN12_GLOBAL__N_1L16handle_exceptionEPKcS1_PN6kernel15interrupt_frameE" label: "void {anonymous}::handle_exception(const char*, const char*, kernel::interrupt_frame*)\nkernel/exceptions/kernel_exceptions.cpp:67:10\n32 bytes (dynamic,bounded)" }
node: { title: "_ZN6kernel6logger25set_prefix_text_and_colorEPKc9vga_colorS3_" label: "void kernel::logger::set_prefix_text_and_color(const char*, vga_color, vga_color)\nkernel/logger/kernel_logger.h:14:14" shape : ellipse }
edge: { sourcename: "kernel/exceptions/kernel_exceptions.cpp:_ZN12_GLOBAL__N_1L16handle_exceptionEPKcS1_PN6kernel15interrupt_frameE" targetname: "_ZN6kernel6logger25set_prefix_text_and_colorEPKc9vga_colorS3_" label: "kernel/logger/kernel_logger.h:31:42" }
node: { title: "_ZN8terminal6outputlsEPKc" label: "terminal::output& terminal::output::operator<<(const char*)\nutilities/io/output/terminal_output.h:172:21" shape : ellipse }
edge: { sourcename: "kernel/exceptions/kernel_exceptions.cpp:_ZN12_GLOBAL__N_1L16handle_exceptionEPKcS1_PN6kernel15interrupt_frameE" targetname: "_ZN8terminal6outputlsEPKc" label: "kernel/exceptions/kernel_exceptions.cpp:69:24" }
edge: { sourcename: "kernel/exceptions/kernel_exceptions.cpp:_ZN12_GLOBAL__N_1L16handle_exceptionEPKcS1_PN6kernel15interrupt_frameE" targetname: "_ZN8terminal6outputlsEPKc" label: "kernel/exceptions/kernel_exceptions.cpp:69:45" }
node: { title: "_ZN8terminal6outputlsEc" label: "terminal::output& terminal::output::operator<<(char)\nutilities/io/output/terminal_output.h:169:21" shape : ellipse }
edge: { sourcename: "kernel/exceptions/kernel_exceptions.cpp:_ZN12_GLOBAL__N_1L16handle_exceptionEPKcS1_PN6kernel15interrupt_frameE" targetname: "_ZN8terminal6outputlsEc" label: "kernel/exceptions/kernel_exceptions.cpp:69:53" }
edge: { sourcename: "kernel/exceptions/kernel_exceptions.cpp:_ZN12_GLOBAL__N_1L16handle_exceptionEPKcS1_PN6kernel15interrupt_frameE" targetname: "_ZN8terminal6outputlsEPKc" label: "kernel/exceptions/kernel_exceptions.cpp:69:60" }
node: { title: "_ZN8terminal6outputlsEPU7regparmILi1EEDoFRS0_S1_E" label: "terminal::output& terminal::output::operator<<(output_manipulator)\nutilities/io/output/terminal_output.h:205:21" shape : ellipse }
edge: { sourcename: "kernel/exceptions/kernel_exceptions.cpp:_ZN12_GLOBAL__N_1L16handle_exceptionEPKcS1_PN6kernel15interrupt_frameE" targetname: "_ZN8terminal6outputlsEPU7regparmILi1EEDoFRS0_S1_E" label: "kernel/exceptions/kernel_exceptions.cpp:70:22" }
edge: { sourcename: "kernel/exceptions/kernel_exceptions.cpp:_ZN12_GLOBAL__N_1L16handle_exceptionEPKcS1_PN6kernel15interrupt_frameE" targetname: "_ZN8terminal6outputlsEPKc" label: "kernel/exceptions/kernel_exceptions.cpp:70:29" }
node: { title: "_ZN8terminal6outputlsEm" label: "terminal::output& terminal::output::operator<<(uint32_t)\nutilities/io/output/terminal_output.h:187:21" shape : ellipse }
edge: { sourcename: "kernel/exceptions/kernel_exceptions.cpp:_ZN12_GLOBAL__N_1L16handle_exceptionEPKcS1_PN6kernel15interrupt_frameE" targetname: "_ZN8terminal6outputlsEm" label: "kernel/exceptions/kernel_exceptions.cpp:70:48" }
edge: { sourcename: "kernel/exceptions/kernel_exceptions.cpp:_ZN12_GLOBAL__N_1L16handle_exceptionEPKcS1_PN6kernel15interrupt_frameE" targetname: "_ZN8terminal6outputlsEPKc" label: "kernel/exceptions/kernel_exceptions.cpp:70:55" }
edge: { sourcename: "kernel/exceptions/kernel_exceptions.cpp:_ZN12_GLOBAL__N_1L16handle_exceptionEPKcS1_PN6kernel15interrupt_frameE" targetname: "_ZN8terminal6outputlsEm" label: "kernel/exceptions/kernel_exceptions.cpp:70:77" }
edge: { sourcename: "kernel/exceptions/kernel_exceptions.cpp:_ZN12_GLOBAL__N_1L16handle_exceptionEPKcS1_PN6kernel15interrupt_frameE" targetname: "_ZN8terminal6outputlsEPKc" label: "kernel/exceptions/kernel_exceptions.cpp:70:87" }
edge: { sourcename: "kernel/exceptions/kernel_exceptions.cpp:_ZN12_GLOBAL__N_1L16handle_exceptionEPKcS1_PN6kernel15interrupt_frameE" targetname: "_ZN8terminal6outputlsEm" label: "kernel/exceptions/kernel_exceptions.cpp:70:113" }
edge: { sourcename: "kernel/exceptions/kernel_exceptions.cpp:_ZN12_GLOBAL__N_1L16handle_exceptionEPKcS1_PN6kernel15interrupt_frameE" targetname: "_ZN8terminal6outputlsEPKc" label: "kernel/exceptions/kernel_exceptions.cpp:71:12" }
edge: { sourcename: "kernel/exceptions/kernel_exceptions.cpp:_ZN12_GLOBAL__N_1L16handle_exceptionEPKcS1_PN6kernel15interrupt_frameE" targetname: "_ZN8terminal6outputlsEm" label: "kernel/exceptions/kernel_exceptions.cpp:71:31" }
edge: { sourcename: "kernel/exceptions/kernel_exceptions.cpp:_ZN12_GLOBAL__N_1L16handle_exceptionEPKcS1_PN6kernel15interrupt_frameE" targetname: "_ZN8terminal6outputlsEPKc" label: "kernel/exceptions/kernel_exceptions.cpp:71:38" }
edge: { sourcename: "kernel/exceptions/kernel_exceptions.cpp:_ZN12_GLOBAL__N_1L16handle_exceptionEPKcS1_PN6kernel15interrupt_frameE" targetname: "_ZN8terminal6outputlsEm" label: "kernel/exceptions/kernel_exceptions.cpp:71:60" }
edge: { sourcename: "kernel/exceptions/kernel_exceptions.cpp:_ZN12_GLOBAL__N_1L16handle_exceptionEPKcS1_PN6kernel15interrupt_frameE" targetname: "_ZN8terminal6outputlsEPKc" label: "kernel/exceptions/kernel_exceptions.cpp:71:67" }
edge: { sourcename: "kernel/exceptions/kernel_exceptions.cpp:_ZN12_GLOBAL__N_1L16handle_exceptionEPKcS1_PN6kernel15interrupt_frameE" targetname: "_ZN8terminal6outputlsEm" label: "kernel/exceptions/kernel_exceptions.cpp:71:86" }
edge: { sourcename: "kernel/exceptions/kernel_exceptions.cpp:_ZN12_GLOBAL__N_1L16handle_exceptionEPKcS1_PN6kernel15interrupt_frameE" targetname: "_ZN8terminal6outputlsEPKc" label: "kernel/exceptions/kernel_exceptions.cpp:71:93" }
edge: { sourcename: "kernel/exceptions/kernel_exceptions.cpp:_ZN12_GLOBAL__N_1L16handle_exceptionEPKcS1_PN6kernel15interrupt_frameE" targetname: "_ZN8terminal6outputlsEm" label: "kernel/exceptions/kernel_exceptions.cpp:71:111" }
edge: { sourcename: "kernel/exceptions/kernel_exceptions.cpp:_ZN12_GLOBAL__N_1L16handle_exceptionEPKcS1_PN6kernel15interrupt_frameE" targetname: "_ZN8terminal6outputlsEPKc" label: "kernel/exceptions/kernel_exceptions.cpp:72:12" }
edge: { sourcename: "kernel/exceptions/kernel_exceptions.cpp:_ZN12_GLOBAL__N_1L16handle_exceptionEPKcS1_PN6kernel15interrupt_frameE" targetname: "_ZN8terminal6outputlsEm" label: "kernel/exceptions/kernel_exceptions.cpp:72:31" }
edge: { sourcename: "kernel/exceptions/kernel_exceptions.cpp:_ZN12_GLOBAL__N_1L16handle_exceptionEPKcS1_PN6kernel15interrupt_frameE" targetname: "_ZN8terminal6outputlsEPKc" label: "kernel/exceptions/kernel_exceptions.cpp:72:38" }
edge: { sourcename: "kernel/exceptions/kernel_exceptions.cpp:_ZN12_GLOBAL__N_1L16handle_exceptionEPKcS1_PN6kernel15interrupt_frameE" targetname: "_ZN8terminal6outputlsEm" label: "kernel/exceptions/kernel_exceptions.cpp:72:56" }
edge: { sourcename: "kernel/exceptions/kernel_exceptions.cpp:_ZN12_GLOBAL__N_1L16handle_exceptionEPKcS1_PN6kernel15interrupt_frameE" targetname: "_ZN8terminal6outputlsEPKc" label: "kernel/exceptions/kernel_exceptions.cpp:72:63" }
edge: { sourcename: "kernel/exceptions/kernel_exceptions.cpp:_ZN12_GLOBAL__N_1L16handle_exceptionEPKcS1_PN6kernel15interrupt_frameE" targetname: "_ZN8terminal6outputlsEm" label: "kernel/exceptions/kernel_exceptions.cpp:72:82" }
edge: { sourcename: "kernel/exceptions/kernel_exceptions.cpp:_ZN12_GLOBAL__N_1L16handle_exceptionEPKcS1_PN6kernel15interrupt_frameE" targetname: "_ZN8terminal6outputlsEPKc" label: "kernel/exceptions/kernel_exceptions.cpp:72:89" }
edge: { sourcename: "kernel/exceptions/kernel_exceptions.cpp:_ZN12_GLOBAL__N_1L16handle_exceptionEPKcS1_PN6kernel15interrupt_frameE" targetname: "_ZN8terminal6outputlsEm" label: "kernel/exceptions/kernel_exceptions.cpp:72:108" }
edge: { sourcename: "kernel/exceptions/kernel_exceptions.cpp:_ZN12_GLOBAL__N_1L16handle_exceptionEPKcS1_PN6kernel15interrupt_frameE" targetname: "_ZN8terminal6outputlsEPKc" label: "kernel/exceptions/kernel_exceptions.cpp:73:12" }
edge: { sourcename: "kernel/exceptions/kernel_exceptions.cpp:_ZN12_GLOBAL__N_1L16handle_exceptionEPKcS1_PN6kernel15interrupt_frameE" targetname: "_ZN8terminal6outputlsEm" label: "kernel/exceptions/kernel_exceptions.cpp:73:34" }
edge: { sourcename: "kernel/exceptions/kernel_exceptions.cpp:_ZN12_GLOBAL__N_1L16handle_exceptionEPKcS1_PN6kernel15interrupt_frameE" targetname: "_ZN8terminal6outputlsEc" label: "kernel/exceptions/kernel_exceptions.cpp:73:44" }
node: { title: "_ZN6kernel6logger5panicEPKc" label: "void kernel::logger::panic(const char*)\nkernel/logger/kernel_logger.h:26:31" shape : ellipse }
edge: { sourcename: "kernel/exceptions/kernel_exceptions.cpp:_ZN12_GLOBAL__N_1L16handle_exceptionEPKcS1_PN6kernel15interrupt_frameE" targetname: "_ZN6kernel6logger5panicEPKc" label: "kernel/exceptions/kernel_exceptions.cpp:74:18" }
node: { title: "kernel/exceptions/kernel_exceptions.cpp:_ZN12_GLOBAL__N_1L20handle_cpu_exceptionEPN6kernel15interrupt_frameE" label: "void {anonymous}::handle_cpu_exception(kernel::interrupt_frame*)\nkernel/exceptions/kernel_exceptions.cpp:78:10\n48 bytes (dynamic,bounded)" }
edge: { sourcename: "kernel/exceptions/kernel_exceptions.cpp:_ZN12_GLOBAL__N_1L20handle_cpu_exceptionEPN6kernel15interrupt_frameE" targetname: "kernel/exceptions/kernel_exceptions.cpp:_ZN12_GLOBAL__N_1L16handle_exceptionEPKcS1_PN6kernel15interrupt_frameE" label: "kernel/exceptions/kernel_exceptions.cpp:85:13" }
edge: { sourcename: "kernel/exceptions/kernel_exceptions.cpp:_ZN12_GLOBAL__N_1L20handle_cpu_exceptionEPN6kernel15interrupt_frameE" targetname: "kernel/exceptions/kernel_exceptions.cpp:_ZN12_GLOBAL__N_1L16handle_exceptionEPKcS1_PN6kernel15interrupt_frameE" label: "kernel/exceptions/kernel_exceptions.cpp:85:13" }
edge: { sourcename: "kernel/exceptions/kernel_exceptions.cpp:_ZN12_GLOBAL__N_1L20handle_cpu_exceptionEPN6kernel15interrupt_frameE" targetname: "kernel/exceptions/kernel_exceptions.cpp:_ZN12_GLOBAL__N_1L16handle_exceptionEPKcS1_PN6kernel15interrupt_frameE" label: "kernel/exceptions/kernel_exceptions.cpp:85:13" }
edge: { sourcename: "kernel/exceptions/kernel_exceptions.cpp:_ZN12_GLOBAL__N_1L20handle_cpu_exceptionEPN6kernel15interrupt_frameE" targetname: "kernel/exceptions/kernel_exceptions.cpp:_ZN12_GLOBAL__N_1L16handle_exceptionEPKcS1_PN6kernel15interrupt_frameE" label: "kernel/exceptions/kernel_exceptions.cpp:85:13" }
edge: { sourcename: "kernel/exceptions/kernel_exceptions.cpp:_ZN12_GLOBAL__N_1L20handle_cpu_exceptionEPN6kernel15interrupt_frameE" targetname: "_ZN6kernel6logger25set_prefix_text_and_colorEPKc9vga_colorS3_" label: "kernel/logger/kernel_logger.h:37:42" }
edge: { sourcename: "kernel/exceptions/kernel_exceptions.cpp:_ZN12_GLOBAL__N_1L20handle_cpu_exceptionEPN6kernel15interrupt_frameE" targetname: "_ZN8terminal6outputlsEPKc" label: "kernel/exceptions/kernel_exceptions.cpp:90:34" }
edge: { sourcename: "kernel/exceptions/kernel_exceptions.cpp:_ZN12_GLOBAL__N_1L20handle_cpu_exceptionEPN6kernel15interrupt_frameE" targetname: "_ZN8terminal6outputlsEm" label: "kernel/exceptions/kernel_exceptions.cpp:90:79" }
node: { title: "kernel/exceptions/kernel_exceptions.cpp:_ZN12_GLOBAL__N_1L25default_interrupt_handlerEPN6kernel15interrupt_frameE" label: "void {anonymous}::default_interrupt_handler(kernel::interrupt_frame*)\nkernel/exceptions/kernel_exceptions.cpp:97:10\n32 bytes (dynamic,bounded)" }
edge: { sourcename: "kernel/exceptions/kernel_exceptions.cpp:_ZN12_GLOBAL__N_1L25default_interrupt_handlerEPN6kernel15interrupt_frameE" targetname: "_ZN6kernel6logger25set_prefix_text_and_colorEPKc9vga_colorS3_" label: "kernel/logger/kernel_logger.h:31:42" }
edge: { sourcename: "kernel/exceptions/kernel_exceptions.cpp:_ZN12_GLOBAL__N_1L25default_interrupt_handlerEPN6kernel15interrupt_frameE" targetname: "_ZN8terminal6outputlsEPKc" label: "kernel/exceptions/kernel_exceptions.cpp:101:24" }
edge: { sourcename: "kernel/exceptions/kernel_exceptions.cpp:_ZN12_GLOBAL__N_1L25default_interrupt_handlerEPN6kernel15interrupt_frameE" targetname: "_ZN8terminal6outputlsEm" label: "kernel/exceptions/kernel_exceptions.cpp:101:58" }
edge: { sourcename: "kernel/exceptions/kernel_exceptions.cpp:_ZN12_GLOBAL__N_1L25default_interrupt_handlerEPN6kernel15interrupt_frameE" targetname: "_ZN8terminal6outputlsEPKc" label: "kernel/exceptions/kernel_exceptions.cpp:101:68" }
edge: { sourcename: "kernel/exceptions/kernel_exceptions.cpp:_ZN12_GLOBAL__N_1L25default_interrupt_handlerEPN6kernel15interrupt_frameE" targetname: "_ZN8terminal6outputlsEm" label: "kernel/exceptions/kernel_exceptions.cpp:101:95" }
edge: { sourcename: "kernel/exceptions/kernel_exceptions.cpp:_ZN12_GLOBAL__N_1L25default_interrupt_handlerEPN6kernel15interrupt_frameE" targetname: "_ZN8terminal6outputlsEPKc" label: "kernel/exceptions/kernel_exceptions.cpp:102:12" }
edge: { sourcename: "kernel/exceptions/kernel_exceptions.cpp:_ZN12_GLOBAL__N_1L25default_interrupt_handlerEPN6kernel15interrupt_frameE" targetname: "_ZN8terminal6outputlsEPU7regparmILi1EEDoFRS0_S1_E" label: "kernel/exceptions/kernel_exceptions.cpp:102:35" }
edge: { sourcename: "kernel/exceptions/kernel_exceptions.cpp:_ZN12_GLOBAL__N_1L25default_interrupt_handlerEPN6kernel15interrupt_frameE" targetname: "_ZN8terminal6outputlsEm" label: "kernel/exceptions/kernel_exceptions.cpp:102:49" }
edge: { sourcename: "kernel/exceptions/kernel_exceptions.cpp:_ZN12_GLOBAL__N_1L25default_interrupt_handlerEPN6kernel15interrupt_frameE" targetname: "_ZN8terminal6outputlsEc" label: "kernel/exceptions/kernel_exceptions.cpp:102:56" }
edge: { sourcename: "kernel/exceptions/kernel_exceptions.cpp:_ZN12_GLOBAL__N_1L25default_interrupt_handlerEPN6kernel15interrupt_frameE" targetname: "_ZN8terminal6outputlsEPU7regparmILi1EEDoFRS0_S1_E" label: "kernel/exceptions/kernel_exceptions.cpp:102:74" }
node: { title: "interrupt_dispatcher" label: "void interrupt_dispatcher(kernel::interrupt_frame*)\nkernel/exceptions/kernel_exceptions.cpp:133:17\n16 bytes (static)" }
node: { title: "__indirect_call" label: "Indirect Call Placeholder" shape : ellipse }
edge: { sourcename: "interrupt_dispatcher" targetname: "__indirect_call" label: "kernel/exceptions/kernel_exceptions.cpp:136:41" }
node: { title: "_ZN6kernel8send_eoiEh" label: "void kernel::send_eoi(uint8_t)\nkernel/pic/kernel_pic.h:9:10" shape : ellipse }
edge: { sourcename: "interrupt_dispatcher" targetname: "_ZN6kernel8send_eoiEh" label: "kernel/exceptions/kernel_exceptions.cpp:137:65" }
node: { title: "_ZN6kernel21initialize_exceptionsEv" label: "void kernel::initialize_exceptions()\nkernel/exceptions/kernel_exceptions.cpp:142:10\n48 bytes (dynamic,bounded)" }
node: { title: "_ZN6kernel9pic_remapEhh" label: "void kernel::pic_remap(uint8_t, uint8_t)\nkernel/pic/kernel_pic.h:11:10" shape : ellipse }
edge: { sourcename: "_ZN6kernel21initialize_exceptionsEv" targetname: "_ZN6kernel9pic_remapEhh" label: "kernel/exceptions/kernel_exceptions.cpp:146:18" }
node: { title: "_ZN6kernel18set_interrupt_gateEhmth" label: "void kernel::set_interrupt_gate(uint8_t, uint32_t, uint16_t, uint8_t)\nkernel/idt/kernel_idt.h:25:10" shape : ellipse }
edge: { sourcename: "_ZN6kernel21initialize_exceptionsEv" targetname: "_ZN6kernel18set_interrupt_gateEhmth" label: "kernel/exceptions/kernel_exceptions.cpp:56:35" }
edge: { sourcename: "_ZN6kernel21initialize_exceptionsEv" targetname: "_ZN6kernel18set_interrupt_gateEhmth" label: "kernel/exceptions/kernel_exceptions.cpp:56:35" }
edge: { sourcename: "_ZN6kernel21initialize_exceptionsEv" targetname: "_ZN6kernel18set_interrupt_gateEhmth" label: "kernel/exceptions/kernel_exceptions.cpp:56:35" }
edge: { sourcename: "_ZN6kernel21initialize_exceptionsEv" targetname: "_ZN6kernel18set_interrupt_gateEhmth" label: "kernel/exceptions/kernel_exceptions.cpp:56:35" }
edge: { sourcename: "_ZN6kernel21initialize_exceptionsEv" targetname: "_ZN6kernel18set_interrupt_gateEhmth" label: "kernel/exceptions/kernel_exceptions.cpp:56:35" }
edge: { sourcename: "_ZN6kernel21initialize_exceptionsEv" targetname: "_ZN6kernel18set_interrupt_gateEhmth" label: "kernel/exceptions/kernel_exceptions.cpp:56:35" }
node: { title: "_ZN6kernel34mask_all_except_timer_and_keyboardEv" label: "void kernel::mask_all_except_timer_and_keyboard()\nkernel/pic/kernel_pic.h:12:10" shape : ellipse }
edge: { sourcename: "_ZN6kernel21initialize_exceptionsEv" targetname: "_ZN6kernel34mask_all_except_timer_and_keyboardEv" label: "kernel/exceptions/kernel_exceptions.cpp:160:51" }
node: { title: "_ZN6kernel8load_idtEv" label: "void kernel::load_idt()\nkernel/idt/kernel_idt.h:26:10" shape : ellipse }
edge: { sourcename: "_ZN6kernel21initialize_exceptionsEv" targetname: "_ZN6kernel8load_idtEv" label: "kernel/exceptions/kernel_exceptions.cpp:162:17" }
}
