graph: { title: "kernel/memory/pmm/kernel_pmm.cpp"
node: { title: "kernel/memory/pmm/kernel_pmm.cpp:_ZN12_GLOBAL__N_1L7set_gprItLNS_8set_bitsE1EEEvPPT_PKS2_" label: "void {anonymous}::set_gpr(T**, const T*) [with T = short unsigned int; set_bits Set = <unnamed>::set_bits::all_ones]\nkernel/memory/pmm/pmm_templates.tpp:45:6\n32 bytes (static)" }
node: { title: "kernel/memory/pmm/kernel_pmm.cpp:_ZN12_GLOBAL__N_1L7set_gprIhLNS_8set_bitsE1EEEvPPT_PKS2_" label: "void {anonymous}::set_gpr(T**, const T*) [with T = unsigned char; set_bits Set = <unnamed>::set_bits::all_ones]\nkernel/memory/pmm/pmm_templates.tpp:45:6\n24 bytes (static)" }
node: { title: "kernel/memory/pmm/kernel_pmm.cpp:_ZN12_GLOBAL__N_1L18set_frames_used_32EPhPKh" label: "void {anonymous}::set_frames_used_32(uint8_t*, const uint8_t*)\nkernel/memory/pmm/kernel_pmm.cpp:1033:10\n40 bytes (static)" }
edge: { sourcename: "kernel/memory/pmm/kernel_pmm.cpp:_ZN12_GLOBAL__N_1L18set_frames_used_32EPhPKh" targetname: "kernel/memory/pmm/kernel_pmm.cpp:_ZN12_GLOBAL__N_1L7set_gprItLNS_8set_bitsE1EEEvPPT_PKS2_" label: "kernel/memory/pmm/kernel_pmm.cpp:1048:46" }
edge: { sourcename: "kernel/memory/pmm/kernel_pmm.cpp:_ZN12_GLOBAL__N_1L18set_frames_used_32EPhPKh" targetname: "kernel/memory/pmm/kernel_pmm.cpp:_ZN12_GLOBAL__N_1L7set_gprIhLNS_8set_bitsE1EEEvPPT_PKS2_" label: "kernel/memory/pmm/kernel_pmm.cpp:1050:45" }
node: { title: "kernel/memory/pmm/kernel_pmm.cpp:_ZN12_GLOBAL__N_1L7set_gprImLNS_8set_bitsE1EEEvPPT_PKS2_" label: "void {anonymous}::set_gpr(T**, const T*) [with T = long unsigned int; set_bits Set = <unnamed>::set_bits::all_ones]\nkernel/memory/pmm/pmm_templates.tpp:45:6\n16 bytes (static)" }
node: { title: "kernel/memory/pmm/kernel_pmm.cpp:_ZN12_GLOBAL__N_1L20set_frames_used_sse2EPhPKh" label: "void {anonymous}::set_frames_used_sse2(uint8_t*, const uint8_t*)\nkernel/memory/pmm/kernel_pmm.cpp:1054:10\n64 bytes (static)" }
edge: { sourcename: "kernel/memory/pmm/kernel_pmm.cpp:_ZN12_GLOBAL__N_1L20set_frames_used_sse2EPhPKh" targetname: "kernel/memory/pmm/kernel_pmm.cpp:_ZN12_GLOBAL__N_1L7set_gprImLNS_8set_bitsE1EEEvPPT_PKS2_" label: "kernel/memory/pmm/kernel_pmm.cpp:1073:46" }
edge: { sourcename: "kernel/memory/pmm/kernel_pmm.cpp:_ZN12_GLOBAL__N_1L20set_frames_used_sse2EPhPKh" targetname: "kernel/memory/pmm/kernel_pmm.cpp:_ZN12_GLOBAL__N_1L7set_gprItLNS_8set_bitsE1EEEvPPT_PKS2_" label: "kernel/memory/pmm/kernel_pmm.cpp:1074:46" }
edge: { sourcename: "kernel/memory/pmm/kernel_pmm.cpp:_ZN12_GLOBAL__N_1L20set_frames_used_sse2EPhPKh" targetname: "kernel/memory/pmm/kernel_pmm.cpp:_ZN12_GLOBAL__N_1L7set_gprIhLNS_8set_bitsE1EEEvPPT_PKS2_" label: "kernel/memory/pmm/kernel_pmm.cpp:1075:45" }
node: { title: "kernel/memory/pmm/kernel_pmm.cpp:_ZN12_GLOBAL__N_1L8set_sse2ILNS_8set_bitsE1EEEvPPDv2_xPKS2_" label: "void {anonymous}::set_sse2(__m128i**, const __m128i*) [with set_bits Set = <unnamed>::set_bits::all_ones]\nkernel/memory/pmm/pmm_templates.tpp:76:6\n16 bytes (static)" }
node: { title: "kernel/memory/pmm/kernel_pmm.cpp:_ZN12_GLOBAL__N_1L20set_frames_used_avx2EPhPKh" label: "void {anonymous}::set_frames_used_avx2(uint8_t*, const uint8_t*)\nkernel/memory/pmm/kernel_pmm.cpp:1079:10\n64 bytes (static)" }
edge: { sourcename: "kernel/memory/pmm/kernel_pmm.cpp:_ZN12_GLOBAL__N_1L20set_frames_used_avx2EPhPKh" targetname: "kernel/memory/pmm/kernel_pmm.cpp:_ZN12_GLOBAL__N_1L8set_sse2ILNS_8set_bitsE1EEEvPPDv2_xPKS2_" label: "kernel/memory/pmm/kernel_pmm.cpp:1102:37" }
edge: { sourcename: "kernel/memory/pmm/kernel_pmm.cpp:_ZN12_GLOBAL__N_1L20set_frames_used_avx2EPhPKh" targetname: "kernel/memory/pmm/kernel_pmm.cpp:_ZN12_GLOBAL__N_1L7set_gprImLNS_8set_bitsE1EEEvPPT_PKS2_" label: "kernel/memory/pmm/kernel_pmm.cpp:1103:46" }
edge: { sourcename: "kernel/memory/pmm/kernel_pmm.cpp:_ZN12_GLOBAL__N_1L20set_frames_used_avx2EPhPKh" targetname: "kernel/memory/pmm/kernel_pmm.cpp:_ZN12_GLOBAL__N_1L7set_gprItLNS_8set_bitsE1EEEvPPT_PKS2_" label: "kernel/memory/pmm/kernel_pmm.cpp:1104:46" }
edge: { sourcename: "kernel/memory/pmm/kernel_pmm.cpp:_ZN12_GLOBAL__N_1L20set_frames_used_avx2EPhPKh" targetname: "kernel/memory/pmm/kernel_pmm.cpp:_ZN12_GLOBAL__N_1L7set_gprIhLNS_8set_bitsE1EEEvPPT_PKS2_" label: "kernel/memory/pmm/kernel_pmm.cpp:1105:45" }
node: { title: "kernel/memory/pmm/kernel_pmm.cpp:_ZN12_GLOBAL__N_1L7set_gprItLNS_8set_bitsE0EEEvPPT_PKS2_" label: "void {anonymous}::set_gpr(T**, const T*) [with T = short unsigned int; set_bits Set = <unnamed>::set_bits::all_zeros]\nkernel/memory/pmm/pmm_templates.tpp:45:6\n32 bytes (static)" }
node: { title: "kernel/memory/pmm/kernel_pmm.cpp:_ZN12_GLOBAL__N_1L7set_gprIhLNS_8set_bitsE0EEEvPPT_PKS2_" label: "void {anonymous}::set_gpr(T**, const T*) [with T = unsigned char; set_bits Set = <unnamed>::set_bits::all_zeros]\nkernel/memory/pmm/pmm_templates.tpp:45:6\n24 bytes (static)" }
node: { title: "kernel/memory/pmm/kernel_pmm.cpp:_ZN12_GLOBAL__N_1L18set_frames_free_32EPhPKh" label: "void {anonymous}::set_frames_free_32(uint8_t*, const uint8_t*)\nkernel/memory/pmm/kernel_pmm.cpp:1111:10\n40 bytes (static)" }
edge: { sourcename: "kernel/memory/pmm/kernel_pmm.cpp:_ZN12_GLOBAL__N_1L18set_frames_free_32EPhPKh" targetname: "kernel/memory/pmm/kernel_pmm.cpp:_ZN12_GLOBAL__N_1L7set_gprItLNS_8set_bitsE0EEEvPPT_PKS2_" label: "kernel/memory/pmm/kernel_pmm.cpp:1129:47" }
edge: { sourcename: "kernel/memory/pmm/kernel_pmm.cpp:_ZN12_GLOBAL__N_1L18set_frames_free_32EPhPKh" targetname: "kernel/memory/pmm/kernel_pmm.cpp:_ZN12_GLOBAL__N_1L7set_gprIhLNS_8set_bitsE0EEEvPPT_PKS2_" label: "kernel/memory/pmm/kernel_pmm.cpp:1131:46" }
node: { title: "kernel/memory/pmm/kernel_pmm.cpp:_ZN12_GLOBAL__N_1L7set_gprImLNS_8set_bitsE0EEEvPPT_PKS2_" label: "void {anonymous}::set_gpr(T**, const T*) [with T = long unsigned int; set_bits Set = <unnamed>::set_bits::all_zeros]\nkernel/memory/pmm/pmm_templates.tpp:45:6\n16 bytes (static)" }
node: { title: "kernel/memory/pmm/kernel_pmm.cpp:_ZN12_GLOBAL__N_1L20set_frames_free_sse2EPhPKh" label: "void {anonymous}::set_frames_free_sse2(uint8_t*, const uint8_t*)\nkernel/memory/pmm/kernel_pmm.cpp:1135:10\n64 bytes (static)" }
edge: { sourcename: "kernel/memory/pmm/kernel_pmm.cpp:_ZN12_GLOBAL__N_1L20set_frames_free_sse2EPhPKh" targetname: "kernel/memory/pmm/kernel_pmm.cpp:_ZN12_GLOBAL__N_1L7set_gprImLNS_8set_bitsE0EEEvPPT_PKS2_" label: "kernel/memory/pmm/kernel_pmm.cpp:1158:47" }
edge: { sourcename: "kernel/memory/pmm/kernel_pmm.cpp:_ZN12_GLOBAL__N_1L20set_frames_free_sse2EPhPKh" targetname: "kernel/memory/pmm/kernel_pmm.cpp:_ZN12_GLOBAL__N_1L7set_gprItLNS_8set_bitsE0EEEvPPT_PKS2_" label: "kernel/memory/pmm/kernel_pmm.cpp:1159:47" }
edge: { sourcename: "kernel/memory/pmm/kernel_pmm.cpp:_ZN12_GLOBAL__N_1L20set_frames_free_sse2EPhPKh" targetname: "kernel/memory/pmm/kernel_pmm.cpp:_ZN12_GLOBAL__N_1L7set_gprIhLNS_8set_bitsE0EEEvPPT_PKS2_" label: "kernel/memory/pmm/kernel_pmm.cpp:1160:46" }
node: { title: "kernel/memory/pmm/kernel_pmm.cpp:_ZN12_GLOBAL__N_1L8set_sse2ILNS_8set_bitsE0EEEvPPDv2_xPKS2_" label: "void {anonymous}::set_sse2(__m128i**, const __m128i*) [with set_bits Set = <unnamed>::set_bits::all_zeros]\nkernel/memory/pmm/pmm_templates.tpp:76:6\n16 bytes (static)" }
node: { title: "kernel/memory/pmm/kernel_pmm.cpp:_ZN12_GLOBAL__N_1L20set_frames_free_avx2EPhPKh" label: "void {anonymous}::set_frames_free_avx2(uint8_t*, const uint8_t*)\nkernel/memory/pmm/kernel_pmm.cpp:1164:10\n64 bytes (static)" }
edge: { sourcename: "kernel/memory/pmm/kernel_pmm.cpp:_ZN12_GLOBAL__N_1L20set_frames_free_avx2EPhPKh" targetname: "kernel/memory/pmm/kernel_pmm.cpp:_ZN12_GLOBAL__N_1L8set_sse2ILNS_8set_bitsE0EEEvPPDv2_xPKS2_" label: "kernel/memory/pmm/kernel_pmm.cpp:1187:38" }
edge: { sourcename: "kernel/memory/pmm/kernel_pmm.cpp:_ZN12_GLOBAL__N_1L20set_frames_free_avx2EPhPKh" targetname: "kernel/memory/pmm/kernel_pmm.cpp:_ZN12_GLOBAL__N_1L7set_gprImLNS_8set_bitsE0EEEvPPT_PKS2_" label: "kernel/memory/pmm/kernel_pmm.cpp:1188:47" }
edge: { sourcename: "kernel/memory/pmm/kernel_pmm.cpp:_ZN12_GLOBAL__N_1L20set_frames_free_avx2EPhPKh" targetname: "kernel/memory/pmm/kernel_pmm.cpp:_ZN12_GLOBAL__N_1L7set_gprItLNS_8set_bitsE0EEEvPPT_PKS2_" label: "kernel/memory/pmm/kernel_pmm.cpp:1189:47" }
edge: { sourcename: "kernel/memory/pmm/kernel_pmm.cpp:_ZN12_GLOBAL__N_1L20set_frames_free_avx2EPhPKh" targetname: "kernel/memory/pmm/kernel_pmm.cpp:_ZN12_GLOBAL__N_1L7set_gprIhLNS_8set_bitsE0EEEvPPT_PKS2_" label: "kernel/memory/pmm/kernel_pmm.cpp:1190:46" }
node: { title: "kernel/memory/pmm/kernel_pmm.cpp:_ZN12_GLOBAL__N_1L17contiguous_8_coreEPNS_14allocation_runEmPKhPS3_" label: "void {anonymous}::contiguous_8_core(allocation_run*, size_t, const uint8_t*, const uint8_t**)\nkernel/memory/pmm/kernel_pmm.cpp:280:10\n44 bytes (static)" }
node: { title: "kernel/memory/pmm/kernel_pmm.cpp:_ZN12_GLOBAL__N_1L18contiguous_16_coreEPNS_14allocation_runEmPKtPS3_" label: "void {anonymous}::contiguous_16_core(allocation_run*, size_t, const uint16_t*, const uint16_t**)\nkernel/memory/pmm/kernel_pmm.cpp:392:10\n60 bytes (static)" }
node: { title: "kernel/memory/pmm/kernel_pmm.cpp:_ZN12_GLOBAL__N_1L25find_contiguous_frames_32EPNS_14allocation_runEm" label: "void {anonymous}::find_contiguous_frames_32(allocation_run*, size_t)\nkernel/memory/pmm/kernel_pmm.cpp:729:10\n116 bytes (dynamic,bounded)" }
edge: { sourcename: "kernel/memory/pmm/kernel_pmm.cpp:_ZN12_GLOBAL__N_1L25find_contiguous_frames_32EPNS_14allocation_runEm" targetname: "kernel/memory/pmm/kernel_pmm.cpp:_ZN12_GLOBAL__N_1L18contiguous_16_coreEPNS_14allocation_runEmPKtPS3_" label: "kernel/memory/pmm/kernel_pmm.cpp:721:27" }
edge: { sourcename: "kernel/memory/pmm/kernel_pmm.cpp:_ZN12_GLOBAL__N_1L25find_contiguous_frames_32EPNS_14allocation_runEm" targetname: "kernel/memory/pmm/kernel_pmm.cpp:_ZN12_GLOBAL__N_1L17contiguous_8_coreEPNS_14allocation_runEmPKhPS3_" label: "kernel/memory/pmm/kernel_pmm.cpp:724:26" }
edge: { sourcename: "kernel/memory/pmm/kernel_pmm.cpp:_ZN12_GLOBAL__N_1L25find_contiguous_frames_32EPNS_14allocation_runEm" targetname: "kernel/memory/pmm/kernel_pmm.cpp:_ZN12_GLOBAL__N_1L18contiguous_16_coreEPNS_14allocation_runEmPKtPS3_" label: "kernel/memory/pmm/kernel_pmm.cpp:721:27" }
edge: { sourcename: "kernel/memory/pmm/kernel_pmm.cpp:_ZN12_GLOBAL__N_1L25find_contiguous_frames_32EPNS_14allocation_runEm" targetname: "kernel/memory/pmm/kernel_pmm.cpp:_ZN12_GLOBAL__N_1L17contiguous_8_coreEPNS_14allocation_runEmPKhPS3_" label: "kernel/memory/pmm/kernel_pmm.cpp:724:26" }
node: { title: "kernel/memory/pmm/kernel_pmm.cpp:_ZN12_GLOBAL__N_1L18contiguous_32_coreEPNS_14allocation_runEmPKmPS3_" label: "void {anonymous}::contiguous_32_core(allocation_run*, size_t, const uint32_t*, const uint32_t**)\nkernel/memory/pmm/kernel_pmm.cpp:578:10\n68 bytes (static)" }
node: { title: "kernel/memory/pmm/kernel_pmm.cpp:_ZN12_GLOBAL__N_1L27find_contiguous_frames_sse2EPNS_14allocation_runEm" label: "void {anonymous}::find_contiguous_frames_sse2(allocation_run*, size_t)\nkernel/memory/pmm/kernel_pmm.cpp:885:10\n148 bytes (dynamic,bounded)" }
edge: { sourcename: "kernel/memory/pmm/kernel_pmm.cpp:_ZN12_GLOBAL__N_1L27find_contiguous_frames_sse2EPNS_14allocation_runEm" targetname: "kernel/memory/pmm/kernel_pmm.cpp:_ZN12_GLOBAL__N_1L18contiguous_32_coreEPNS_14allocation_runEmPKmPS3_" label: "kernel/memory/pmm/kernel_pmm.cpp:873:27" }
edge: { sourcename: "kernel/memory/pmm/kernel_pmm.cpp:_ZN12_GLOBAL__N_1L27find_contiguous_frames_sse2EPNS_14allocation_runEm" targetname: "kernel/memory/pmm/kernel_pmm.cpp:_ZN12_GLOBAL__N_1L18contiguous_16_coreEPNS_14allocation_runEmPKtPS3_" label: "kernel/memory/pmm/kernel_pmm.cpp:876:27" }
edge: { sourcename: "kernel/memory/pmm/kernel_pmm.cpp:_ZN12_GLOBAL__N_1L27find_contiguous_frames_sse2EPNS_14allocation_runEm" targetname: "kernel/memory/pmm/kernel_pmm.cpp:_ZN12_GLOBAL__N_1L17contiguous_8_coreEPNS_14allocation_runEmPKhPS3_" label: "kernel/memory/pmm/kernel_pmm.cpp:879:26" }
edge: { sourcename: "kernel/memory/pmm/kernel_pmm.cpp:_ZN12_GLOBAL__N_1L27find_contiguous_frames_sse2EPNS_14allocation_runEm" targetname: "kernel/memory/pmm/kernel_pmm.cpp:_ZN12_GLOBAL__N_1L18contiguous_32_coreEPNS_14allocation_runEmPKmPS3_" label: "kernel/memory/pmm/kernel_pmm.cpp:873:27" }
edge: { sourcename: "kernel/memory/pmm/kernel_pmm.cpp:_ZN12_GLOBAL__N_1L27find_contiguous_frames_sse2EPNS_14allocation_runEm" targetname: "kernel/memory/pmm/kernel_pmm.cpp:_ZN12_GLOBAL__N_1L18contiguous_16_coreEPNS_14allocation_runEmPKtPS3_" label: "kernel/memory/pmm/kernel_pmm.cpp:876:27" }
edge: { sourcename: "kernel/memory/pmm/kernel_pmm.cpp:_ZN12_GLOBAL__N_1L27find_contiguous_frames_sse2EPNS_14allocation_runEm" targetname: "kernel/memory/pmm/kernel_pmm.cpp:_ZN12_GLOBAL__N_1L17contiguous_8_coreEPNS_14allocation_runEmPKhPS3_" label: "kernel/memory/pmm/kernel_pmm.cpp:879:26" }
node: { title: "kernel/memory/pmm/kernel_pmm.cpp:_ZN12_GLOBAL__N_1L20contiguous_sse2_coreEPNS_14allocation_runEmPKDv2_xPS4_" label: "void {anonymous}::contiguous_sse2_core(allocation_run*, size_t, const __m128i*, const __m128i**)\nkernel/memory/pmm/kernel_pmm.cpp:794:10\n96 bytes (static)" }
node: { title: "kernel/memory/pmm/kernel_pmm.cpp:_ZN12_GLOBAL__N_1L27find_contiguous_frames_avx2EPNS_14allocation_runEm" label: "void {anonymous}::find_contiguous_frames_avx2(allocation_run*, size_t)\nkernel/memory/pmm/kernel_pmm.cpp:997:10\n208 bytes (dynamic,bounded)" }
edge: { sourcename: "kernel/memory/pmm/kernel_pmm.cpp:_ZN12_GLOBAL__N_1L27find_contiguous_frames_avx2EPNS_14allocation_runEm" targetname: "kernel/memory/pmm/kernel_pmm.cpp:_ZN12_GLOBAL__N_1L20contiguous_sse2_coreEPNS_14allocation_runEmPKDv2_xPS4_" label: "kernel/memory/pmm/kernel_pmm.cpp:983:29" }
edge: { sourcename: "kernel/memory/pmm/kernel_pmm.cpp:_ZN12_GLOBAL__N_1L27find_contiguous_frames_avx2EPNS_14allocation_runEm" targetname: "kernel/memory/pmm/kernel_pmm.cpp:_ZN12_GLOBAL__N_1L18contiguous_32_coreEPNS_14allocation_runEmPKmPS3_" label: "kernel/memory/pmm/kernel_pmm.cpp:986:27" }
edge: { sourcename: "kernel/memory/pmm/kernel_pmm.cpp:_ZN12_GLOBAL__N_1L27find_contiguous_frames_avx2EPNS_14allocation_runEm" targetname: "kernel/memory/pmm/kernel_pmm.cpp:_ZN12_GLOBAL__N_1L18contiguous_16_coreEPNS_14allocation_runEmPKtPS3_" label: "kernel/memory/pmm/kernel_pmm.cpp:989:27" }
edge: { sourcename: "kernel/memory/pmm/kernel_pmm.cpp:_ZN12_GLOBAL__N_1L27find_contiguous_frames_avx2EPNS_14allocation_runEm" targetname: "kernel/memory/pmm/kernel_pmm.cpp:_ZN12_GLOBAL__N_1L17contiguous_8_coreEPNS_14allocation_runEmPKhPS3_" label: "kernel/memory/pmm/kernel_pmm.cpp:992:26" }
edge: { sourcename: "kernel/memory/pmm/kernel_pmm.cpp:_ZN12_GLOBAL__N_1L27find_contiguous_frames_avx2EPNS_14allocation_runEm" targetname: "kernel/memory/pmm/kernel_pmm.cpp:_ZN12_GLOBAL__N_1L20contiguous_sse2_coreEPNS_14allocation_runEmPKDv2_xPS4_" label: "kernel/memory/pmm/kernel_pmm.cpp:983:29" }
edge: { sourcename: "kernel/memory/pmm/kernel_pmm.cpp:_ZN12_GLOBAL__N_1L27find_contiguous_frames_avx2EPNS_14allocation_runEm" targetname: "kernel/memory/pmm/kernel_pmm.cpp:_ZN12_GLOBAL__N_1L18contiguous_32_coreEPNS_14allocation_runEmPKmPS3_" label: "kernel/memory/pmm/kernel_pmm.cpp:986:27" }
edge: { sourcename: "kernel/memory/pmm/kernel_pmm.cpp:_ZN12_GLOBAL__N_1L27find_contiguous_frames_avx2EPNS_14allocation_runEm" targetname: "kernel/memory/pmm/kernel_pmm.cpp:_ZN12_GLOBAL__N_1L18contiguous_16_coreEPNS_14allocation_runEmPKtPS3_" label: "kernel/memory/pmm/kernel_pmm.cpp:989:27" }
edge: { sourcename: "kernel/memory/pmm/kernel_pmm.cpp:_ZN12_GLOBAL__N_1L27find_contiguous_frames_avx2EPNS_14allocation_runEm" targetname: "kernel/memory/pmm/kernel_pmm.cpp:_ZN12_GLOBAL__N_1L17contiguous_8_coreEPNS_14allocation_runEmPKhPS3_" label: "kernel/memory/pmm/kernel_pmm.cpp:992:26" }
node: { title: "_ZN6kernel6memory16pmm_total_framesEv" label: "size_t kernel::memory::pmm_total_frames()\nkernel/memory/pmm/kernel_pmm.cpp:1225:12\n4 bytes (static)" }
node: { title: "_ZN6kernel6memory15pmm_used_framesEv" label: "size_t kernel::memory::pmm_used_frames()\nkernel/memory/pmm/kernel_pmm.cpp:1226:12\n4 bytes (static)" }
node: { title: "_ZN6kernel6memory15pmm_free_framesEv" label: "size_t kernel::memory::pmm_free_frames()\nkernel/memory/pmm/kernel_pmm.cpp:1227:12\n4 bytes (static)" }
node: { title: "_ZN6kernel6memory14pmm_initializeEPKNS0_15e820_memory_mapEm" label: "void kernel::memory::pmm_initialize(const e820_memory_map*, uintptr_t)\nkernel/memory/pmm/kernel_pmm.cpp:1230:10\n80 bytes (static)" }
node: { title: "_ZN3cpu8features3getEv" label: "cpu::features::simd_flags cpu::features::get()\nutilities/cpu/features.h:9:16" shape : ellipse }
edge: { sourcename: "_ZN6kernel6memory14pmm_initializeEPKNS0_15e820_memory_mapEm" targetname: "_ZN3cpu8features3getEv" label: "kernel/memory/pmm/kernel_pmm.cpp:1254:55" }
node: { title: "__indirect_call" label: "Indirect Call Placeholder" shape : ellipse }
edge: { sourcename: "_ZN6kernel6memory14pmm_initializeEPKNS0_15e820_memory_mapEm" targetname: "__indirect_call" label: "kernel/memory/pmm/kernel_pmm.cpp:1255:44" }
edge: { sourcename: "_ZN6kernel6memory14pmm_initializeEPKNS0_15e820_memory_mapEm" targetname: "__indirect_call" label: "kernel/memory/pmm/kernel_pmm.cpp:1285:52" }
edge: { sourcename: "_ZN6kernel6memory14pmm_initializeEPKNS0_15e820_memory_mapEm" targetname: "__indirect_call" label: "kernel/memory/pmm/kernel_pmm.cpp:1295:44" }
node: { title: "_ZN6kernel6memory18pmm_allocate_frameEv" label: "void* kernel::memory::pmm_allocate_frame()\nkernel/memory/pmm/kernel_pmm.cpp:1300:11\n24 bytes (static)" }
node: { title: "_ZN6kernel6memory14pmm_free_frameEPKv" label: "kernel::memory::pmm_result kernel::memory::pmm_free_frame(const void*)\nkernel/memory/pmm/kernel_pmm.cpp:1338:16\n16 bytes (static)" }
node: { title: "_ZN6kernel6memory30pmm_allocate_contiguous_framesEm" label: "void* kernel::memory::pmm_allocate_contiguous_frames(size_t)\nkernel/memory/pmm/kernel_pmm.cpp:1359:11\n64 bytes (static)" }
edge: { sourcename: "_ZN6kernel6memory30pmm_allocate_contiguous_framesEm" targetname: "_ZN3cpu8features3getEv" label: "kernel/memory/pmm/kernel_pmm.cpp:1364:44" }
edge: { sourcename: "_ZN6kernel6memory30pmm_allocate_contiguous_framesEm" targetname: "__indirect_call" label: "kernel/memory/pmm/kernel_pmm.cpp:1364:47" }
edge: { sourcename: "_ZN6kernel6memory30pmm_allocate_contiguous_framesEm" targetname: "_ZN3cpu8features3getEv" label: "kernel/memory/pmm/kernel_pmm.cpp:1381:52" }
edge: { sourcename: "_ZN6kernel6memory30pmm_allocate_contiguous_framesEm" targetname: "__indirect_call" label: "kernel/memory/pmm/kernel_pmm.cpp:1381:55" }
node: { title: "_ZN6kernel6memory26pmm_free_contiguous_framesEPKvm" label: "kernel::memory::pmm_result kernel::memory::pmm_free_contiguous_frames(const void*, size_t)\nkernel/memory/pmm/kernel_pmm.cpp:1391:16\n48 bytes (static)" }
edge: { sourcename: "_ZN6kernel6memory26pmm_free_contiguous_framesEPKvm" targetname: "_ZN3cpu8features3getEv" label: "kernel/memory/pmm/kernel_pmm.cpp:1414:52" }
edge: { sourcename: "_ZN6kernel6memory26pmm_free_contiguous_framesEPKvm" targetname: "__indirect_call" label: "kernel/memory/pmm/kernel_pmm.cpp:1414:55" }
}
