graph: { title: "kernel/pmm.cpp"
node: { title: "kernel/pmm.cpp:_ZN12_GLOBAL__N_1L7set_gprItLNS_8set_bitsE1EEEvPPT_PKS2_" label: "void {anonymous}::set_gpr(T**, const T*) [with T = short unsigned int; set_bits Set = <unnamed>::set_bits::all_ones]\nkernel/internal/pmm_templates.tpp:45:6\n32 bytes (static)" }
node: { title: "kernel/pmm.cpp:_ZN12_GLOBAL__N_1L7set_gprIhLNS_8set_bitsE1EEEvPPT_PKS2_" label: "void {anonymous}::set_gpr(T**, const T*) [with T = unsigned char; set_bits Set = <unnamed>::set_bits::all_ones]\nkernel/internal/pmm_templates.tpp:45:6\n24 bytes (static)" }
node: { title: "kernel/pmm.cpp:_ZN12_GLOBAL__N_1L18set_frames_used_32EPhPKh" label: "void {anonymous}::set_frames_used_32(uint8_t*, const uint8_t*)\nkernel/pmm.cpp:1032:10\n40 bytes (static)" }
edge: { sourcename: "kernel/pmm.cpp:_ZN12_GLOBAL__N_1L18set_frames_used_32EPhPKh" targetname: "kernel/pmm.cpp:_ZN12_GLOBAL__N_1L7set_gprItLNS_8set_bitsE1EEEvPPT_PKS2_" label: "kernel/pmm.cpp:1047:46" }
edge: { sourcename: "kernel/pmm.cpp:_ZN12_GLOBAL__N_1L18set_frames_used_32EPhPKh" targetname: "kernel/pmm.cpp:_ZN12_GLOBAL__N_1L7set_gprIhLNS_8set_bitsE1EEEvPPT_PKS2_" label: "kernel/pmm.cpp:1049:45" }
node: { title: "kernel/pmm.cpp:_ZN12_GLOBAL__N_1L7set_gprImLNS_8set_bitsE1EEEvPPT_PKS2_" label: "void {anonymous}::set_gpr(T**, const T*) [with T = long unsigned int; set_bits Set = <unnamed>::set_bits::all_ones]\nkernel/internal/pmm_templates.tpp:45:6\n16 bytes (static)" }
node: { title: "kernel/pmm.cpp:_ZN12_GLOBAL__N_1L20set_frames_used_sse2EPhPKh" label: "void {anonymous}::set_frames_used_sse2(uint8_t*, const uint8_t*)\nkernel/pmm.cpp:1053:10\n64 bytes (static)" }
edge: { sourcename: "kernel/pmm.cpp:_ZN12_GLOBAL__N_1L20set_frames_used_sse2EPhPKh" targetname: "kernel/pmm.cpp:_ZN12_GLOBAL__N_1L7set_gprImLNS_8set_bitsE1EEEvPPT_PKS2_" label: "kernel/pmm.cpp:1072:46" }
edge: { sourcename: "kernel/pmm.cpp:_ZN12_GLOBAL__N_1L20set_frames_used_sse2EPhPKh" targetname: "kernel/pmm.cpp:_ZN12_GLOBAL__N_1L7set_gprItLNS_8set_bitsE1EEEvPPT_PKS2_" label: "kernel/pmm.cpp:1073:46" }
edge: { sourcename: "kernel/pmm.cpp:_ZN12_GLOBAL__N_1L20set_frames_used_sse2EPhPKh" targetname: "kernel/pmm.cpp:_ZN12_GLOBAL__N_1L7set_gprIhLNS_8set_bitsE1EEEvPPT_PKS2_" label: "kernel/pmm.cpp:1074:45" }
node: { title: "kernel/pmm.cpp:_ZN12_GLOBAL__N_1L8set_sse2ILNS_8set_bitsE1EEEvPPDv2_xPKS2_" label: "void {anonymous}::set_sse2(__m128i**, const __m128i*) [with set_bits Set = <unnamed>::set_bits::all_ones]\nkernel/internal/pmm_templates.tpp:76:6\n16 bytes (static)" }
node: { title: "kernel/pmm.cpp:_ZN12_GLOBAL__N_1L20set_frames_used_avx2EPhPKh" label: "void {anonymous}::set_frames_used_avx2(uint8_t*, const uint8_t*)\nkernel/pmm.cpp:1078:10\n64 bytes (static)" }
edge: { sourcename: "kernel/pmm.cpp:_ZN12_GLOBAL__N_1L20set_frames_used_avx2EPhPKh" targetname: "kernel/pmm.cpp:_ZN12_GLOBAL__N_1L8set_sse2ILNS_8set_bitsE1EEEvPPDv2_xPKS2_" label: "kernel/pmm.cpp:1101:37" }
edge: { sourcename: "kernel/pmm.cpp:_ZN12_GLOBAL__N_1L20set_frames_used_avx2EPhPKh" targetname: "kernel/pmm.cpp:_ZN12_GLOBAL__N_1L7set_gprImLNS_8set_bitsE1EEEvPPT_PKS2_" label: "kernel/pmm.cpp:1102:46" }
edge: { sourcename: "kernel/pmm.cpp:_ZN12_GLOBAL__N_1L20set_frames_used_avx2EPhPKh" targetname: "kernel/pmm.cpp:_ZN12_GLOBAL__N_1L7set_gprItLNS_8set_bitsE1EEEvPPT_PKS2_" label: "kernel/pmm.cpp:1103:46" }
edge: { sourcename: "kernel/pmm.cpp:_ZN12_GLOBAL__N_1L20set_frames_used_avx2EPhPKh" targetname: "kernel/pmm.cpp:_ZN12_GLOBAL__N_1L7set_gprIhLNS_8set_bitsE1EEEvPPT_PKS2_" label: "kernel/pmm.cpp:1104:45" }
node: { title: "kernel/pmm.cpp:_ZN12_GLOBAL__N_1L7set_gprItLNS_8set_bitsE0EEEvPPT_PKS2_" label: "void {anonymous}::set_gpr(T**, const T*) [with T = short unsigned int; set_bits Set = <unnamed>::set_bits::all_zeros]\nkernel/internal/pmm_templates.tpp:45:6\n32 bytes (static)" }
node: { title: "kernel/pmm.cpp:_ZN12_GLOBAL__N_1L7set_gprIhLNS_8set_bitsE0EEEvPPT_PKS2_" label: "void {anonymous}::set_gpr(T**, const T*) [with T = unsigned char; set_bits Set = <unnamed>::set_bits::all_zeros]\nkernel/internal/pmm_templates.tpp:45:6\n24 bytes (static)" }
node: { title: "kernel/pmm.cpp:_ZN12_GLOBAL__N_1L18set_frames_free_32EPhPKh" label: "void {anonymous}::set_frames_free_32(uint8_t*, const uint8_t*)\nkernel/pmm.cpp:1110:10\n40 bytes (static)" }
edge: { sourcename: "kernel/pmm.cpp:_ZN12_GLOBAL__N_1L18set_frames_free_32EPhPKh" targetname: "kernel/pmm.cpp:_ZN12_GLOBAL__N_1L7set_gprItLNS_8set_bitsE0EEEvPPT_PKS2_" label: "kernel/pmm.cpp:1128:47" }
edge: { sourcename: "kernel/pmm.cpp:_ZN12_GLOBAL__N_1L18set_frames_free_32EPhPKh" targetname: "kernel/pmm.cpp:_ZN12_GLOBAL__N_1L7set_gprIhLNS_8set_bitsE0EEEvPPT_PKS2_" label: "kernel/pmm.cpp:1130:46" }
node: { title: "kernel/pmm.cpp:_ZN12_GLOBAL__N_1L7set_gprImLNS_8set_bitsE0EEEvPPT_PKS2_" label: "void {anonymous}::set_gpr(T**, const T*) [with T = long unsigned int; set_bits Set = <unnamed>::set_bits::all_zeros]\nkernel/internal/pmm_templates.tpp:45:6\n16 bytes (static)" }
node: { title: "kernel/pmm.cpp:_ZN12_GLOBAL__N_1L20set_frames_free_sse2EPhPKh" label: "void {anonymous}::set_frames_free_sse2(uint8_t*, const uint8_t*)\nkernel/pmm.cpp:1134:10\n64 bytes (static)" }
edge: { sourcename: "kernel/pmm.cpp:_ZN12_GLOBAL__N_1L20set_frames_free_sse2EPhPKh" targetname: "kernel/pmm.cpp:_ZN12_GLOBAL__N_1L7set_gprImLNS_8set_bitsE0EEEvPPT_PKS2_" label: "kernel/pmm.cpp:1157:47" }
edge: { sourcename: "kernel/pmm.cpp:_ZN12_GLOBAL__N_1L20set_frames_free_sse2EPhPKh" targetname: "kernel/pmm.cpp:_ZN12_GLOBAL__N_1L7set_gprItLNS_8set_bitsE0EEEvPPT_PKS2_" label: "kernel/pmm.cpp:1158:47" }
edge: { sourcename: "kernel/pmm.cpp:_ZN12_GLOBAL__N_1L20set_frames_free_sse2EPhPKh" targetname: "kernel/pmm.cpp:_ZN12_GLOBAL__N_1L7set_gprIhLNS_8set_bitsE0EEEvPPT_PKS2_" label: "kernel/pmm.cpp:1159:46" }
node: { title: "kernel/pmm.cpp:_ZN12_GLOBAL__N_1L8set_sse2ILNS_8set_bitsE0EEEvPPDv2_xPKS2_" label: "void {anonymous}::set_sse2(__m128i**, const __m128i*) [with set_bits Set = <unnamed>::set_bits::all_zeros]\nkernel/internal/pmm_templates.tpp:76:6\n16 bytes (static)" }
node: { title: "kernel/pmm.cpp:_ZN12_GLOBAL__N_1L20set_frames_free_avx2EPhPKh" label: "void {anonymous}::set_frames_free_avx2(uint8_t*, const uint8_t*)\nkernel/pmm.cpp:1163:10\n64 bytes (static)" }
edge: { sourcename: "kernel/pmm.cpp:_ZN12_GLOBAL__N_1L20set_frames_free_avx2EPhPKh" targetname: "kernel/pmm.cpp:_ZN12_GLOBAL__N_1L8set_sse2ILNS_8set_bitsE0EEEvPPDv2_xPKS2_" label: "kernel/pmm.cpp:1186:38" }
edge: { sourcename: "kernel/pmm.cpp:_ZN12_GLOBAL__N_1L20set_frames_free_avx2EPhPKh" targetname: "kernel/pmm.cpp:_ZN12_GLOBAL__N_1L7set_gprImLNS_8set_bitsE0EEEvPPT_PKS2_" label: "kernel/pmm.cpp:1187:47" }
edge: { sourcename: "kernel/pmm.cpp:_ZN12_GLOBAL__N_1L20set_frames_free_avx2EPhPKh" targetname: "kernel/pmm.cpp:_ZN12_GLOBAL__N_1L7set_gprItLNS_8set_bitsE0EEEvPPT_PKS2_" label: "kernel/pmm.cpp:1188:47" }
edge: { sourcename: "kernel/pmm.cpp:_ZN12_GLOBAL__N_1L20set_frames_free_avx2EPhPKh" targetname: "kernel/pmm.cpp:_ZN12_GLOBAL__N_1L7set_gprIhLNS_8set_bitsE0EEEvPPT_PKS2_" label: "kernel/pmm.cpp:1189:46" }
node: { title: "kernel/pmm.cpp:_ZN12_GLOBAL__N_1L17contiguous_8_coreEPNS_14allocation_runEmPKhPS3_" label: "void {anonymous}::contiguous_8_core(allocation_run*, size_t, const uint8_t*, const uint8_t**)\nkernel/pmm.cpp:279:10\n44 bytes (static)" }
node: { title: "kernel/pmm.cpp:_ZN12_GLOBAL__N_1L18contiguous_16_coreEPNS_14allocation_runEmPKtPS3_" label: "void {anonymous}::contiguous_16_core(allocation_run*, size_t, const uint16_t*, const uint16_t**)\nkernel/pmm.cpp:391:10\n60 bytes (static)" }
node: { title: "kernel/pmm.cpp:_ZN12_GLOBAL__N_1L25find_contiguous_frames_32EPNS_14allocation_runEm" label: "void {anonymous}::find_contiguous_frames_32(allocation_run*, size_t)\nkernel/pmm.cpp:728:10\n116 bytes (dynamic,bounded)" }
edge: { sourcename: "kernel/pmm.cpp:_ZN12_GLOBAL__N_1L25find_contiguous_frames_32EPNS_14allocation_runEm" targetname: "kernel/pmm.cpp:_ZN12_GLOBAL__N_1L18contiguous_16_coreEPNS_14allocation_runEmPKtPS3_" label: "kernel/pmm.cpp:720:27" }
edge: { sourcename: "kernel/pmm.cpp:_ZN12_GLOBAL__N_1L25find_contiguous_frames_32EPNS_14allocation_runEm" targetname: "kernel/pmm.cpp:_ZN12_GLOBAL__N_1L17contiguous_8_coreEPNS_14allocation_runEmPKhPS3_" label: "kernel/pmm.cpp:723:26" }
edge: { sourcename: "kernel/pmm.cpp:_ZN12_GLOBAL__N_1L25find_contiguous_frames_32EPNS_14allocation_runEm" targetname: "kernel/pmm.cpp:_ZN12_GLOBAL__N_1L18contiguous_16_coreEPNS_14allocation_runEmPKtPS3_" label: "kernel/pmm.cpp:720:27" }
edge: { sourcename: "kernel/pmm.cpp:_ZN12_GLOBAL__N_1L25find_contiguous_frames_32EPNS_14allocation_runEm" targetname: "kernel/pmm.cpp:_ZN12_GLOBAL__N_1L17contiguous_8_coreEPNS_14allocation_runEmPKhPS3_" label: "kernel/pmm.cpp:723:26" }
node: { title: "kernel/pmm.cpp:_ZN12_GLOBAL__N_1L18contiguous_32_coreEPNS_14allocation_runEmPKmPS3_" label: "void {anonymous}::contiguous_32_core(allocation_run*, size_t, const uint32_t*, const uint32_t**)\nkernel/pmm.cpp:577:10\n68 bytes (static)" }
node: { title: "kernel/pmm.cpp:_ZN12_GLOBAL__N_1L27find_contiguous_frames_sse2EPNS_14allocation_runEm" label: "void {anonymous}::find_contiguous_frames_sse2(allocation_run*, size_t)\nkernel/pmm.cpp:884:10\n148 bytes (dynamic,bounded)" }
edge: { sourcename: "kernel/pmm.cpp:_ZN12_GLOBAL__N_1L27find_contiguous_frames_sse2EPNS_14allocation_runEm" targetname: "kernel/pmm.cpp:_ZN12_GLOBAL__N_1L18contiguous_32_coreEPNS_14allocation_runEmPKmPS3_" label: "kernel/pmm.cpp:872:27" }
edge: { sourcename: "kernel/pmm.cpp:_ZN12_GLOBAL__N_1L27find_contiguous_frames_sse2EPNS_14allocation_runEm" targetname: "kernel/pmm.cpp:_ZN12_GLOBAL__N_1L18contiguous_16_coreEPNS_14allocation_runEmPKtPS3_" label: "kernel/pmm.cpp:875:27" }
edge: { sourcename: "kernel/pmm.cpp:_ZN12_GLOBAL__N_1L27find_contiguous_frames_sse2EPNS_14allocation_runEm" targetname: "kernel/pmm.cpp:_ZN12_GLOBAL__N_1L17contiguous_8_coreEPNS_14allocation_runEmPKhPS3_" label: "kernel/pmm.cpp:878:26" }
edge: { sourcename: "kernel/pmm.cpp:_ZN12_GLOBAL__N_1L27find_contiguous_frames_sse2EPNS_14allocation_runEm" targetname: "kernel/pmm.cpp:_ZN12_GLOBAL__N_1L18contiguous_32_coreEPNS_14allocation_runEmPKmPS3_" label: "kernel/pmm.cpp:872:27" }
edge: { sourcename: "kernel/pmm.cpp:_ZN12_GLOBAL__N_1L27find_contiguous_frames_sse2EPNS_14allocation_runEm" targetname: "kernel/pmm.cpp:_ZN12_GLOBAL__N_1L18contiguous_16_coreEPNS_14allocation_runEmPKtPS3_" label: "kernel/pmm.cpp:875:27" }
edge: { sourcename: "kernel/pmm.cpp:_ZN12_GLOBAL__N_1L27find_contiguous_frames_sse2EPNS_14allocation_runEm" targetname: "kernel/pmm.cpp:_ZN12_GLOBAL__N_1L17contiguous_8_coreEPNS_14allocation_runEmPKhPS3_" label: "kernel/pmm.cpp:878:26" }
node: { title: "kernel/pmm.cpp:_ZN12_GLOBAL__N_1L20contiguous_sse2_coreEPNS_14allocation_runEmPKDv2_xPS4_" label: "void {anonymous}::contiguous_sse2_core(allocation_run*, size_t, const __m128i*, const __m128i**)\nkernel/pmm.cpp:793:10\n96 bytes (static)" }
node: { title: "kernel/pmm.cpp:_ZN12_GLOBAL__N_1L27find_contiguous_frames_avx2EPNS_14allocation_runEm" label: "void {anonymous}::find_contiguous_frames_avx2(allocation_run*, size_t)\nkernel/pmm.cpp:996:10\n208 bytes (dynamic,bounded)" }
edge: { sourcename: "kernel/pmm.cpp:_ZN12_GLOBAL__N_1L27find_contiguous_frames_avx2EPNS_14allocation_runEm" targetname: "kernel/pmm.cpp:_ZN12_GLOBAL__N_1L20contiguous_sse2_coreEPNS_14allocation_runEmPKDv2_xPS4_" label: "kernel/pmm.cpp:982:29" }
edge: { sourcename: "kernel/pmm.cpp:_ZN12_GLOBAL__N_1L27find_contiguous_frames_avx2EPNS_14allocation_runEm" targetname: "kernel/pmm.cpp:_ZN12_GLOBAL__N_1L18contiguous_32_coreEPNS_14allocation_runEmPKmPS3_" label: "kernel/pmm.cpp:985:27" }
edge: { sourcename: "kernel/pmm.cpp:_ZN12_GLOBAL__N_1L27find_contiguous_frames_avx2EPNS_14allocation_runEm" targetname: "kernel/pmm.cpp:_ZN12_GLOBAL__N_1L18contiguous_16_coreEPNS_14allocation_runEmPKtPS3_" label: "kernel/pmm.cpp:988:27" }
edge: { sourcename: "kernel/pmm.cpp:_ZN12_GLOBAL__N_1L27find_contiguous_frames_avx2EPNS_14allocation_runEm" targetname: "kernel/pmm.cpp:_ZN12_GLOBAL__N_1L17contiguous_8_coreEPNS_14allocation_runEmPKhPS3_" label: "kernel/pmm.cpp:991:26" }
edge: { sourcename: "kernel/pmm.cpp:_ZN12_GLOBAL__N_1L27find_contiguous_frames_avx2EPNS_14allocation_runEm" targetname: "kernel/pmm.cpp:_ZN12_GLOBAL__N_1L20contiguous_sse2_coreEPNS_14allocation_runEmPKDv2_xPS4_" label: "kernel/pmm.cpp:982:29" }
edge: { sourcename: "kernel/pmm.cpp:_ZN12_GLOBAL__N_1L27find_contiguous_frames_avx2EPNS_14allocation_runEm" targetname: "kernel/pmm.cpp:_ZN12_GLOBAL__N_1L18contiguous_32_coreEPNS_14allocation_runEmPKmPS3_" label: "kernel/pmm.cpp:985:27" }
edge: { sourcename: "kernel/pmm.cpp:_ZN12_GLOBAL__N_1L27find_contiguous_frames_avx2EPNS_14allocation_runEm" targetname: "kernel/pmm.cpp:_ZN12_GLOBAL__N_1L18contiguous_16_coreEPNS_14allocation_runEmPKtPS3_" label: "kernel/pmm.cpp:988:27" }
edge: { sourcename: "kernel/pmm.cpp:_ZN12_GLOBAL__N_1L27find_contiguous_frames_avx2EPNS_14allocation_runEm" targetname: "kernel/pmm.cpp:_ZN12_GLOBAL__N_1L17contiguous_8_coreEPNS_14allocation_runEmPKhPS3_" label: "kernel/pmm.cpp:991:26" }
node: { title: "_ZN6kernel6memory16pmm_total_framesEv" label: "size_t kernel::memory::pmm_total_frames()\nkernel/pmm.cpp:1224:12\n4 bytes (static)" }
node: { title: "_ZN6kernel6memory15pmm_used_framesEv" label: "size_t kernel::memory::pmm_used_frames()\nkernel/pmm.cpp:1225:12\n4 bytes (static)" }
node: { title: "_ZN6kernel6memory15pmm_free_framesEv" label: "size_t kernel::memory::pmm_free_frames()\nkernel/pmm.cpp:1226:12\n4 bytes (static)" }
node: { title: "_ZN6kernel6memory14pmm_initializeEPKNS0_15e820_memory_mapEm" label: "void kernel::memory::pmm_initialize(const e820_memory_map*, uintptr_t)\nkernel/pmm.cpp:1229:10\n64 bytes (static)" }
node: { title: "__indirect_call" label: "Indirect Call Placeholder" shape : ellipse }
edge: { sourcename: "_ZN6kernel6memory14pmm_initializeEPKNS0_15e820_memory_mapEm" targetname: "__indirect_call" label: "kernel/pmm.cpp:1254:44" }
edge: { sourcename: "_ZN6kernel6memory14pmm_initializeEPKNS0_15e820_memory_mapEm" targetname: "__indirect_call" label: "kernel/pmm.cpp:1290:52" }
edge: { sourcename: "_ZN6kernel6memory14pmm_initializeEPKNS0_15e820_memory_mapEm" targetname: "__indirect_call" label: "kernel/pmm.cpp:1297:44" }
node: { title: "_ZN6kernel6memory18pmm_allocate_frameEv" label: "void* kernel::memory::pmm_allocate_frame()\nkernel/pmm.cpp:1302:11\n24 bytes (static)" }
node: { title: "_ZN6kernel6memory14pmm_free_frameEPKv" label: "kernel::memory::pmm_result kernel::memory::pmm_free_frame(const void*)\nkernel/pmm.cpp:1340:16\n16 bytes (static)" }
node: { title: "_ZN6kernel6memory30pmm_allocate_contiguous_framesEm" label: "void* kernel::memory::pmm_allocate_contiguous_frames(size_t)\nkernel/pmm.cpp:1361:11\n64 bytes (static)" }
edge: { sourcename: "_ZN6kernel6memory30pmm_allocate_contiguous_framesEm" targetname: "__indirect_call" label: "kernel/pmm.cpp:1366:47" }
edge: { sourcename: "_ZN6kernel6memory30pmm_allocate_contiguous_framesEm" targetname: "__indirect_call" label: "kernel/pmm.cpp:1383:55" }
node: { title: "_ZN6kernel6memory26pmm_free_contiguous_framesEPKvm" label: "kernel::memory::pmm_result kernel::memory::pmm_free_contiguous_frames(const void*, size_t)\nkernel/pmm.cpp:1393:16\n48 bytes (static)" }
edge: { sourcename: "_ZN6kernel6memory26pmm_free_contiguous_framesEPKvm" targetname: "__indirect_call" label: "kernel/pmm.cpp:1416:55" }
}
