graph: { title: "utilities/vga/vga_hardware_cursor/terminal_vga_hardware_cursor.cpp"
node: { title: "_ZN8terminal19vga_hardware_cursor14write_registerEhh" label: "static void terminal::vga_hardware_cursor::write_register(uint8_t, uint8_t)\nutilities/vga/vga_hardware_cursor/terminal_vga_hardware_cursor.cpp:15:10\n4 bytes (static)" }
node: { title: "_ZN8terminal19vga_hardware_cursor13read_registerEh" label: "static uint8_t terminal::vga_hardware_cursor::read_register(uint8_t)\nutilities/vga/vga_hardware_cursor/terminal_vga_hardware_cursor.cpp:22:13\n4 bytes (static)" }
node: { title: "_ZN8terminal19vga_hardware_cursor6enableEhh" label: "static void terminal::vga_hardware_cursor::enable(uint8_t, uint8_t)\nutilities/vga/vga_hardware_cursor/terminal_vga_hardware_cursor.cpp:28:10\n24 bytes (static)" }
node: { title: "_ZN8terminal19vga_hardware_cursor12set_positionEt" label: "static void terminal::vga_hardware_cursor::set_position(uint16_t)\nutilities/vga/vga_hardware_cursor/terminal_vga_hardware_cursor.cpp:38:10\n4 bytes (static)" }
node: { title: "_ZN8terminal19vga_hardware_cursor17set_display_startEt" label: "static void terminal::vga_hardware_cursor::set_display_start(uint16_t)\nutilities/vga/vga_hardware_cursor/terminal_vga_hardware_cursor.cpp:45:10\n4 bytes (static)" }
}
